C:\ST\STM32CubeIDE_1.19.0\STM32CubeIDE\plugins\com.st.stm32cube.ide.mcu.externaltools.gnu-tools-for-stm32.13.3.rel1.win32_1.0.0.202411081344\tools\arm-none-eabi\include\c++\13.3.1\arm-none-eabi\thumb\v7e-m+fp\hard\bits\gthr-default.h:229:1:int __gthread_key_delete(__gthread_key_t)	16	static
../Core/Src/NucleoImp/SerialCom/SerialFrame.cpp:32:1:ELE3312::SerialFrame::SerialFrame()	16	static
../Core/Src/NucleoImp/SerialCom/SerialFrame.cpp:39:1:ELE3312::SerialFrame::SerialFrame(ELE3312::Message*)	16	static
../Core/Src/NucleoImp/SerialCom/SerialFrame.cpp:45:6:void ELE3312::SerialFrame::setup(uint8_t*, size_t, uint8_t*, size_t)	24	static
../Core/Src/NucleoImp/SerialCom/SerialFrame.cpp:58:30:std::tuple<unsigned char*, unsigned int> ELE3312::SerialFrame::getByteArray()	16	static
../Core/Src/NucleoImp/SerialCom/SerialFrame.cpp:65:13:ELE3312::MessageType ELE3312::SerialFrame::getMessageType()	16	static
../Core/Src/NucleoImp/SerialCom/SerialFrame.cpp:74:6:void ELE3312::SerialFrame::setMessage(uint8_t*, size_t)	24	static
../Core/Src/NucleoImp/SerialCom/SerialFrame.cpp:90:22:ELE3312::SnakePositionMessage ELE3312::SerialFrame::getSnakePositionMessage()	16	static
../Core/Src/NucleoImp/SerialCom/SerialFrame.cpp:107:30:std::tuple<unsigned char*, unsigned int> ELE3312::SerialFrame::msgToByteArray(ELE3312::Message*)	64	static
C:\ST\STM32CubeIDE_1.19.0\STM32CubeIDE\plugins\com.st.stm32cube.ide.mcu.externaltools.gnu-tools-for-stm32.13.3.rel1.win32_1.0.0.202411081344\tools\bin/../lib/gcc/arm-none-eabi/13.3.1/../../../../arm-none-eabi/include/c++/13.3.1/tuple:1345:2:constexpr std::tuple<_T1, _T2>::tuple(_U1&&, _U2&&) [with _U1 = std::nullptr_t; _U2 = int; typename std::enable_if<std::_TupleConstraints<(! __is_alloc_arg<_U1>()), _T1, _T2>::__is_implicitly_constructible<_U1, _U2>(), bool>::type <anonymous> = true; _T1 = unsigned char*; _T2 = unsigned int]	32	static
C:\ST\STM32CubeIDE_1.19.0\STM32CubeIDE\plugins\com.st.stm32cube.ide.mcu.externaltools.gnu-tools-for-stm32.13.3.rel1.win32_1.0.0.202411081344\tools\bin/../lib/gcc/arm-none-eabi/13.3.1/../../../../arm-none-eabi/include/c++/13.3.1/tuple:1345:2:constexpr std::tuple<_T1, _T2>::tuple(_U1&&, _U2&&) [with _U1 = unsigned char*&; _U2 = unsigned int&; typename std::enable_if<std::_TupleConstraints<(! __is_alloc_arg<_U1>()), _T1, _T2>::__is_implicitly_constructible<_U1, _U2>(), bool>::type <anonymous> = true; _T1 = unsigned char*; _T2 = unsigned int]	32	static
C:\ST\STM32CubeIDE_1.19.0\STM32CubeIDE\plugins\com.st.stm32cube.ide.mcu.externaltools.gnu-tools-for-stm32.13.3.rel1.win32_1.0.0.202411081344\tools\bin/../lib/gcc/arm-none-eabi/13.3.1/../../../../arm-none-eabi/include/c++/13.3.1/bits/move.h:70:5:constexpr _Tp&& std::forward(typename remove_reference<_Functor>::type&) [with _Tp = std::nullptr_t]	16	static
C:\ST\STM32CubeIDE_1.19.0\STM32CubeIDE\plugins\com.st.stm32cube.ide.mcu.externaltools.gnu-tools-for-stm32.13.3.rel1.win32_1.0.0.202411081344\tools\bin/../lib/gcc/arm-none-eabi/13.3.1/../../../../arm-none-eabi/include/c++/13.3.1/bits/move.h:70:5:constexpr _Tp&& std::forward(typename remove_reference<_Functor>::type&) [with _Tp = int]	16	static
C:\ST\STM32CubeIDE_1.19.0\STM32CubeIDE\plugins\com.st.stm32cube.ide.mcu.externaltools.gnu-tools-for-stm32.13.3.rel1.win32_1.0.0.202411081344\tools\bin/../lib/gcc/arm-none-eabi/13.3.1/../../../../arm-none-eabi/include/c++/13.3.1/tuple:291:2:) [with _UHead = std::nullptr_t; _UTail = {int}; <template-parameter-2-3> = void; unsigned int _Idx = 0; _Head = unsigned char*; _Tail = {unsigned int}]	32	static
C:\ST\STM32CubeIDE_1.19.0\STM32CubeIDE\plugins\com.st.stm32cube.ide.mcu.externaltools.gnu-tools-for-stm32.13.3.rel1.win32_1.0.0.202411081344\tools\bin/../lib/gcc/arm-none-eabi/13.3.1/../../../../arm-none-eabi/include/c++/13.3.1/bits/move.h:70:5:constexpr _Tp&& std::forward(typename remove_reference<_Functor>::type&) [with _Tp = unsigned char*&]	16	static
C:\ST\STM32CubeIDE_1.19.0\STM32CubeIDE\plugins\com.st.stm32cube.ide.mcu.externaltools.gnu-tools-for-stm32.13.3.rel1.win32_1.0.0.202411081344\tools\bin/../lib/gcc/arm-none-eabi/13.3.1/../../../../arm-none-eabi/include/c++/13.3.1/bits/move.h:70:5:constexpr _Tp&& std::forward(typename remove_reference<_Functor>::type&) [with _Tp = unsigned int&]	16	static
C:\ST\STM32CubeIDE_1.19.0\STM32CubeIDE\plugins\com.st.stm32cube.ide.mcu.externaltools.gnu-tools-for-stm32.13.3.rel1.win32_1.0.0.202411081344\tools\bin/../lib/gcc/arm-none-eabi/13.3.1/../../../../arm-none-eabi/include/c++/13.3.1/tuple:291:2:) [with _UHead = unsigned char*&; _UTail = {unsigned int&}; <template-parameter-2-3> = void; unsigned int _Idx = 0; _Head = unsigned char*; _Tail = {unsigned int}]	32	static
C:\ST\STM32CubeIDE_1.19.0\STM32CubeIDE\plugins\com.st.stm32cube.ide.mcu.externaltools.gnu-tools-for-stm32.13.3.rel1.win32_1.0.0.202411081344\tools\bin/../lib/gcc/arm-none-eabi/13.3.1/../../../../arm-none-eabi/include/c++/13.3.1/tuple:513:2:constexpr std::_Tuple_impl<_Idx, _Head>::_Tuple_impl(_UHead&&) [with _UHead = int; unsigned int _Idx = 1; _Head = unsigned int]	24	static
C:\ST\STM32CubeIDE_1.19.0\STM32CubeIDE\plugins\com.st.stm32cube.ide.mcu.externaltools.gnu-tools-for-stm32.13.3.rel1.win32_1.0.0.202411081344\tools\bin/../lib/gcc/arm-none-eabi/13.3.1/../../../../arm-none-eabi/include/c++/13.3.1/tuple:200:19:constexpr std::_Head_base<_Idx, _Head, false>::_Head_base(_UHead&&) [with _UHead = std::nullptr_t; unsigned int _Idx = 0; _Head = unsigned char*]	16	static
C:\ST\STM32CubeIDE_1.19.0\STM32CubeIDE\plugins\com.st.stm32cube.ide.mcu.externaltools.gnu-tools-for-stm32.13.3.rel1.win32_1.0.0.202411081344\tools\bin/../lib/gcc/arm-none-eabi/13.3.1/../../../../arm-none-eabi/include/c++/13.3.1/tuple:513:2:constexpr std::_Tuple_impl<_Idx, _Head>::_Tuple_impl(_UHead&&) [with _UHead = unsigned int&; unsigned int _Idx = 1; _Head = unsigned int]	24	static
C:\ST\STM32CubeIDE_1.19.0\STM32CubeIDE\plugins\com.st.stm32cube.ide.mcu.externaltools.gnu-tools-for-stm32.13.3.rel1.win32_1.0.0.202411081344\tools\bin/../lib/gcc/arm-none-eabi/13.3.1/../../../../arm-none-eabi/include/c++/13.3.1/tuple:200:19:constexpr std::_Head_base<_Idx, _Head, false>::_Head_base(_UHead&&) [with _UHead = unsigned char*&; unsigned int _Idx = 0; _Head = unsigned char*]	16	static
C:\ST\STM32CubeIDE_1.19.0\STM32CubeIDE\plugins\com.st.stm32cube.ide.mcu.externaltools.gnu-tools-for-stm32.13.3.rel1.win32_1.0.0.202411081344\tools\bin/../lib/gcc/arm-none-eabi/13.3.1/../../../../arm-none-eabi/include/c++/13.3.1/tuple:200:19:constexpr std::_Head_base<_Idx, _Head, false>::_Head_base(_UHead&&) [with _UHead = int; unsigned int _Idx = 1; _Head = unsigned int]	16	static
C:\ST\STM32CubeIDE_1.19.0\STM32CubeIDE\plugins\com.st.stm32cube.ide.mcu.externaltools.gnu-tools-for-stm32.13.3.rel1.win32_1.0.0.202411081344\tools\bin/../lib/gcc/arm-none-eabi/13.3.1/../../../../arm-none-eabi/include/c++/13.3.1/tuple:200:19:constexpr std::_Head_base<_Idx, _Head, false>::_Head_base(_UHead&&) [with _UHead = unsigned int&; unsigned int _Idx = 1; _Head = unsigned int]	16	static
