../Core/Src/NucleoImp/Keypad/GPIOKeypad.cpp:18:6:void ELE3312::GPIOKeypad::setup(GPIO_TypeDef*)	16	static
../Core/Inc/Interfaces/Keypad/Keypad.h:47:8:constexpr ELE3312::Keypad::Keypad()	16	static
../Core/Src/NucleoImp/Keypad/GPIOKeypad.cpp:26:1:ELE3312::GPIOKeypad::GPIOKeypad()	16	static
../Core/Src/NucleoImp/Keypad/GPIOKeypad.cpp:36:10:virtual uint32_t ELE3312::GPIOKeypad::numberOfKeysPressed() const	24	static
../Core/Src/NucleoImp/Keypad/GPIOKeypad.cpp:54:6:virtual bool ELE3312::GPIOKeypad::isKeyPressed(ELE3312::KeyCode) const	16	static
../Core/Src/NucleoImp/Keypad/GPIOKeypad.cpp:66:9:virtual ELE3312::KeyCode ELE3312::GPIOKeypad::getFirstKeyPressed()	32	static
../Core/Src/NucleoImp/Keypad/GPIOKeypad.cpp:90:6:virtual char ELE3312::GPIOKeypad::getFirstKeyCharacter()	24	static
../Core/Src/NucleoImp/Keypad/GPIOKeypad.cpp:158:6:virtual bool ELE3312::GPIOKeypad::isAnnyKeyPressed() const	16	static
../Core/Src/NucleoImp/Keypad/GPIOKeypad.cpp:166:6:virtual void ELE3312::GPIOKeypad::update()	16	static
../Core/Src/NucleoImp/Keypad/GPIOKeypad.cpp:194:6:void ELE3312::GPIOKeypad::selectRow(int32_t) const	24	static
