../Core/Inc/Interfaces/Sound/Sound.h:64:18:virtual void ELE3312::Sound::setWaveform(ELE3312::Waveform)	16	static
../Core/Inc/NucleoImp/Sound/DACSound.h:123:14:void ELE3312::DACSound::setPhaseIncrementDirect(float)	16	static
../Core/Src/cpp_main.cpp:77:17:void ultrasonicSensor_updateDistance(uint32_t)	16	static
../Core/Src/cpp_main.cpp:90:6:void updateMelody()	16	static
../Core/Src/cpp_main.cpp:120:13:bool uartDataAvailable()	4	static
../Core/Src/cpp_main.cpp:128:16:uint8_t uartReadByte()	16	static
../Core/Src/cpp_main.cpp:144:10:uint16_t readKeypad(GPIO_TypeDef*)	32	static
../Core/Src/cpp_main.cpp:169:6:void cpp_main(peripheral_handles*)	3664	static
C:\ST\STM32CubeIDE_1.19.0\STM32CubeIDE\plugins\com.st.stm32cube.ide.mcu.externaltools.gnu-tools-for-stm32.13.3.rel1.win32_1.0.0.202411081344\tools\arm-none-eabi\include\c++\13.3.1\bits\new_allocator.h:104:7:std::__new_allocator<_Tp>::~__new_allocator() [with _Tp = char]	16	static
../Core/Src/cpp_main.cpp:593:1:void __static_initialization_and_destruction_0()	8	static
../Core/Inc/NucleoImp/Sound/DACSound.h:70:10:ELE3312::DACSound::~DACSound()	16	static
../Core/Inc/NucleoImp/Sound/DACSound.h:70:10:virtual ELE3312::DACSound::~DACSound()	16	static
../Core/Inc/NucleoImp/MotionInput/MPU6050MotionInput.h:29:10:ELE3312::MPU6050MotionInput::~MPU6050MotionInput()	16	static
../Core/Inc/NucleoImp/MotionInput/MPU6050MotionInput.h:29:10:virtual ELE3312::MPU6050MotionInput::~MPU6050MotionInput()	16	static
../Core/Src/cpp_main.cpp:593:1:void __static_initialization_and_destruction_1()	8	static
../Core/Src/cpp_main.cpp:593:1:cpp)	8	static
../Core/Src/cpp_main.cpp:593:1:cpp)	8	static
