../Core/Src/main.c:98:5:main	8	static
../Core/Src/main.c:166:6:SystemClock_Config	88	static
../Core/Src/main.c:214:13:MX_ADC1_Init	24	static
../Core/Src/main.c:266:13:MX_DAC_Init	16	static
../Core/Src/main.c:306:13:MX_I2C3_Init	8	static
../Core/Src/main.c:340:13:MX_SPI1_Init	8	static
../Core/Src/main.c:378:13:MX_TIM1_Init	96	static
../Core/Src/main.c:457:13:MX_TIM2_Init	48	static
../Core/Src/main.c:515:13:MX_TIM4_Init	32	static
../Core/Src/main.c:560:13:MX_TIM6_Init	16	static
../Core/Src/main.c:598:13:MX_UART5_Init	8	static
../Core/Src/main.c:631:13:MX_USART2_UART_Init	8	static
../Core/Src/main.c:662:13:MX_DMA_Init	16	static
../Core/Src/main.c:693:13:MX_GPIO_Init	48	static
../Core/Src/main.c:767:5:getentropy	16	static
../Core/Src/main.c:779:1:__io_putchar	16	static
../Core/Src/main.c:790:6:Error_Handler	4	static,ignoring_inline_asm
