../Core/Src/main.c:98:5:main	1
../Core/Src/main.c:166:6:SystemClock_Config	3
../Core/Src/main.c:214:13:MX_ADC1_Init	3
../Core/Src/main.c:266:13:MX_DAC_Init	3
../Core/Src/main.c:306:13:MX_I2C3_Init	2
../Core/Src/main.c:340:13:MX_SPI1_Init	2
../Core/Src/main.c:378:13:MX_TIM1_Init	8
../Core/Src/main.c:457:13:MX_TIM2_Init	6
../Core/Src/main.c:515:13:MX_TIM4_Init	4
../Core/Src/main.c:560:13:MX_TIM6_Init	3
../Core/Src/main.c:598:13:MX_UART5_Init	2
../Core/Src/main.c:631:13:MX_USART2_UART_Init	2
../Core/Src/main.c:662:13:MX_DMA_Init	1
../Core/Src/main.c:693:13:MX_GPIO_Init	1
../Core/Src/main.c:767:5:getentropy	1
../Core/Src/main.c:779:1:__io_putchar	1
../Core/Src/main.c:790:6:Error_Handler	1
